INSERT INTO customers (
  id,
  first_name,
  last_name,
  email
) VALUES (
  :?id,
  :?first_name,
  :?last_name,
  :?email
)