UPDATE customers SET
  id = :?id,
  first_name = :?first_name,
  last_name = :?last_name,
  email = :?email
WHERE
  id = :?id