[
  {
    "headers": {
      "CamelMessageTimestamp": 872835240000,
      "kafka.HEADERS": [],
      "kafka.KEY": "{\"id\":1}",
      "kafka.OFFSET": 0,
      "kafka.PARTITION": 0,
      "kafka.TIMESTAMP": 872835240000,
      "kafka.TOPIC": "source.public.customers"
    },
    "body": {
      "after": {
        "id": 1,
        "first_name": "John",
        "last_name": "Doe",
        "email": "john.doe@example.com"
      },
      "source": {
        "version": "1.6.0.Final",
        "connector": "postgresql",
        "name": "source",
        "ts_ms": 872835240000,
        "snapshot": "incremental",
        "db": "source",
        "sequence": "[]",
        "schema": "public",
        "table": "customers",
        "txId": 1,
        "lsn": 1
      },
      "op": "r",
      "ts_ms": 872835240000
    }
  },
  {
    "headers": {
      "CamelMessageTimestamp": 872835240000,
      "kafka.HEADERS": [],
      "kafka.KEY": "{\"id\":2}",
      "kafka.OFFSET": 0,
      "kafka.PARTITION": 0,
      "kafka.TIMESTAMP": 872835240000,
      "kafka.TOPIC": "source.public.customers"
    },
    "body": {
      "after": {
        "id": 2,
        "first_name": "Chuck",
        "last_name": "Dowson",
        "email": "chuck.dowson@example.com"
      },
      "source": {
        "version": "1.6.0.Final",
        "connector": "postgresql",
        "name": "source",
        "ts_ms": 872835240000,
        "snapshot": "incremental",
        "db": "source",
        "sequence": "[]",
        "schema": "public",
        "table": "customers",
        "txId": 1,
        "lsn": 1
      },
      "op": "r",
      "ts_ms": 872835240000
    }
  },
  {
    "headers": {
      "CamelMessageTimestamp": 872835240000,
      "kafka.HEADERS": [],
      "kafka.KEY": "{\"id\":4}",
      "kafka.OFFSET": 0,
      "kafka.PARTITION": 0,
      "kafka.TIMESTAMP": 872835240000,
      "kafka.TOPIC": "source.public.customers"
    },
    "body": {
      "after": {
        "id": 4,
        "first_name": "Hayden",
        "last_name": "Ventura",
        "email": "hayden.ventura@example.com"
      },
      "source": {
        "version": "1.6.0.Final",
        "connector": "postgresql",
        "name": "source",
        "ts_ms": 872835240000,
        "snapshot": "incremental",
        "db": "source",
        "sequence": "[]",
        "schema": "public",
        "table": "customers",
        "txId": 1,
        "lsn": 1
      },
      "op": "r",
      "ts_ms": 872835240000
    }
  }
]